// Jest Snapshot v1, https://goo.gl/fbAQLP

exports[`calorie_target_result_sum_label should render label with given properties 1`] = `
<Table
  allRowsSelected={false}
  fixedFooter={true}
  fixedHeader={true}
  height="inherit"
  multiSelectable={false}
  selectable={true}
>
  <TableHeader
    adjustForCheckbox={true}
    displaySelectAll={false}
    enableSelectAll={true}
    selectAllSelected={false}
  >
    <TableRow
      displayBorder={true}
      hoverable={false}
      hovered={false}
      selectable={false}
      striped={false}
    >
      <TableHeaderColumn />
      <TableHeaderColumn>
        Protein
      </TableHeaderColumn>
      <TableHeaderColumn>
        Carbohydrate
      </TableHeaderColumn>
      <TableHeaderColumn>
        Fat
      </TableHeaderColumn>
    </TableRow>
  </TableHeader>
  <TableBody
    allRowsSelected={false}
    deselectOnClickaway={true}
    displayRowCheckbox={false}
    multiSelectable={false}
    preScanRows={true}
    selectable={true}
    style={Object {}}
  >
    <TableRow
      displayBorder={true}
      hoverable={false}
      hovered={false}
      selectable={false}
      striped={false}
    >
      <TableRowColumn
        hoverable={false}
      >
         Calories
      </TableRowColumn>
      <TableRowColumn
        hoverable={false}
      >
        <CalorieTargetLabel
          value={400}
        />
      </TableRowColumn>
      <TableRowColumn
        hoverable={false}
      >
        <CalorieTargetLabel
          value={400}
        />
      </TableRowColumn>
      <TableRowColumn
        hoverable={false}
      >
        <CalorieTargetLabel
          value={450}
        />
      </TableRowColumn>
    </TableRow>
    <TableRow
      displayBorder={true}
      hoverable={false}
      hovered={false}
      selectable={false}
      striped={false}
    >
      <TableRowColumn
        hoverable={false}
      >
         Grams
      </TableRowColumn>
      <TableRowColumn
        hoverable={false}
      >
        <CalorieTargetLabel
          value={100}
        />
      </TableRowColumn>
      <TableRowColumn
        hoverable={false}
      >
        <CalorieTargetLabel
          value={100}
        />
      </TableRowColumn>
      <TableRowColumn
        hoverable={false}
      >
        <CalorieTargetLabel
          value={50}
        />
      </TableRowColumn>
    </TableRow>
  </TableBody>
</Table>
`;
