// Jest Snapshot v1, https://goo.gl/fbAQLP

exports[`CalorieTargetResult test should render 1`] = `null`;
