// Jest Snapshot v1, https://goo.gl/fbAQLP

exports[`WorkoutTargetsRouter test should render 1`] = `
<div>
  <Route
    component={[Function]}
    exact={true}
    path="/app/workouttargets/create"
  />
  <Route
    exact={true}
    path="/app/workouttargets/edit/:id"
    render={[Function]}
  />
  <Route
    component={[Function]}
    exact={true}
    path="/app/workouttargets"
  />
</div>
`;
