// Jest Snapshot v1, https://goo.gl/fbAQLP

exports[`App test should render 1`] = `
<div>
  <withRouter(Connect(HeaderContainer)) />
  <Route
    component={[Function]}
    path="/app"
  />
  <Route
    component={[Function]}
    exact={true}
    path="/login"
  />
  <Route
    component={[Function]}
    exact={true}
    path="/signup"
  />
  <Redirect
    push={false}
    to="/app"
  />
  <FooterContainer />
</div>
`;
