// Jest Snapshot v1, https://goo.gl/fbAQLP

exports[`Header container should render 1`] = `
<div>
  Header
</div>
`;
