// Jest Snapshot v1, https://goo.gl/fbAQLP

exports[`ActivityLevelSelector test should render 1`] = `
<Field
  component={[Function]}
  floatingLabelText="Select you activity level"
  fullWidth={true}
  name="activity"
>
  <MenuItem
    anchorOrigin={
      Object {
        "horizontal": "right",
        "vertical": "top",
      }
    }
    checked={false}
    desktop={false}
    disabled={false}
    focusState="none"
    insetChildren={false}
    primaryText="Sedentary"
    targetOrigin={
      Object {
        "horizontal": "left",
        "vertical": "top",
      }
    }
    value={1.2}
  />
  <MenuItem
    anchorOrigin={
      Object {
        "horizontal": "right",
        "vertical": "top",
      }
    }
    checked={false}
    desktop={false}
    disabled={false}
    focusState="none"
    insetChildren={false}
    primaryText="Lightly active"
    targetOrigin={
      Object {
        "horizontal": "left",
        "vertical": "top",
      }
    }
    value={1.375}
  />
  <MenuItem
    anchorOrigin={
      Object {
        "horizontal": "right",
        "vertical": "top",
      }
    }
    checked={false}
    desktop={false}
    disabled={false}
    focusState="none"
    insetChildren={false}
    primaryText="Moderately active"
    targetOrigin={
      Object {
        "horizontal": "left",
        "vertical": "top",
      }
    }
    value={1.55}
  />
  <MenuItem
    anchorOrigin={
      Object {
        "horizontal": "right",
        "vertical": "top",
      }
    }
    checked={false}
    desktop={false}
    disabled={false}
    focusState="none"
    insetChildren={false}
    primaryText="Very active"
    targetOrigin={
      Object {
        "horizontal": "left",
        "vertical": "top",
      }
    }
    value={1.725}
  />
  <MenuItem
    anchorOrigin={
      Object {
        "horizontal": "right",
        "vertical": "top",
      }
    }
    checked={false}
    desktop={false}
    disabled={false}
    focusState="none"
    insetChildren={false}
    primaryText="Extremely active"
    targetOrigin={
      Object {
        "horizontal": "left",
        "vertical": "top",
      }
    }
    value={1.9}
  />
</Field>
`;
