// Jest Snapshot v1, https://goo.gl/fbAQLP

exports[`CustomCalorieField test should render 1`] = `null`;
