// Jest Snapshot v1, https://goo.gl/fbAQLP

exports[`Header integration test should render 1`] = `
<HeaderContainer
  location={
    Object {
      "pathname": "",
    }
  }
>
  <div>
    <HelmetWrapper
      encodeSpecialCharacters={true}
    >
      <SideEffect(NullComponent)
        encodeSpecialCharacters={true}
        link={
          Array [
            Object {
              "href": "[object Object]",
              "rel": "icon",
            },
          ]
        }
        meta={
          Array [
            Object {
              "charset": "utf-8",
            },
          ]
        }
        title="LeanGains"
        titleAttributes={Object {}}
      >
        <NullComponent
          encodeSpecialCharacters={true}
          link={
            Array [
              Object {
                "href": "[object Object]",
                "rel": "icon",
              },
            ]
          }
          meta={
            Array [
              Object {
                "charset": "utf-8",
              },
            ]
          }
          title="LeanGains"
          titleAttributes={Object {}}
        />
      </SideEffect(NullComponent)>
    </HelmetWrapper>
    <UnauthanticatedHeader
      pathname=""
    >
      <Toolbar
        noGutter={false}
        style={
          Object {
            "backgroundColor": "#757575",
            "color": "#EEEEEE",
          }
        }
      >
        <div
          style={
            Object {
              "WebkitTapHighlightColor": "rgba(0,0,0,0)",
              "backgroundColor": "#757575",
              "boxSizing": "border-box",
              "color": "#EEEEEE",
              "display": "flex",
              "height": 56,
              "justifyContent": "space-between",
              "muiPrepared": true,
              "padding": "0px 24px",
            }
          }
        >
          <ToolbarGroup
            firstChild={false}
            lastChild={false}
          >
            <div
              style={
                Object {
                  "alignItems": "center",
                  "display": "flex",
                  "justifyContent": "space-between",
                  "marginLeft": undefined,
                  "marginRight": undefined,
                  "muiPrepared": true,
                  "position": "relative",
                }
              }
            />
          </ToolbarGroup>
          <ToolbarGroup
            firstChild={false}
            lastChild={false}
          >
            <div
              style={
                Object {
                  "alignItems": "center",
                  "display": "flex",
                  "justifyContent": "space-between",
                  "marginLeft": undefined,
                  "marginRight": undefined,
                  "muiPrepared": true,
                  "position": "relative",
                }
              }
            >
              <Link
                replace={false}
                to="/login"
              >
                <a
                  onClick={[Function]}
                >
                  <RaisedButton
                    disabled={false}
                    fullWidth={false}
                    label="Log in"
                    labelPosition="after"
                    primary={false}
                    secondary={false}
                  >
                    <Paper
                      circle={false}
                      rounded={true}
                      style={
                        Object {
                          "display": "inline-block",
                          "minWidth": 88,
                          "transition": "all 450ms cubic-bezier(0.23, 1, 0.32, 1) 0ms",
                        }
                      }
                      transitionEnabled={true}
                      zDepth={1}
                    >
                      <div
                        style={
                          Object {
                            "WebkitTapHighlightColor": "rgba(0,0,0,0)",
                            "backgroundColor": "#ffffff",
                            "borderRadius": 2,
                            "boxShadow": "0 1px 6px rgba(0, 0, 0, 0.12),
                                   0 1px 4px rgba(0, 0, 0, 0.12)",
                            "boxSizing": "border-box",
                            "color": "rgba(0, 0, 0, 0.87)",
                            "display": "inline-block",
                            "fontFamily": "Roboto, sans-serif",
                            "minWidth": 88,
                            "muiPrepared": true,
                            "transition": "all 450ms cubic-bezier(0.23, 1, 0.32, 1) 0ms",
                          }
                        }
                      >
                        <EnhancedButton
                          containerElement="button"
                          disabled={false}
                          focusRippleColor="rgba(0, 0, 0, 0.87)"
                          focusRippleOpacity={0.1}
                          onBlur={[Function]}
                          onClick={[Function]}
                          onFocus={[Function]}
                          onKeyDown={[Function]}
                          onKeyUp={[Function]}
                          onKeyboardFocus={[Function]}
                          onMouseDown={[Function]}
                          onMouseEnter={[Function]}
                          onMouseLeave={[Function]}
                          onMouseUp={[Function]}
                          onTouchEnd={[Function]}
                          onTouchStart={[Function]}
                          onTouchTap={[Function]}
                          style={
                            Object {
                              "backgroundColor": "#ffffff",
                              "borderRadius": 2,
                              "height": 36,
                              "lineHeight": "36px",
                              "padding": 0,
                              "textAlign": "center",
                              "transition": "all 450ms cubic-bezier(0.23, 1, 0.32, 1) 0ms",
                              "width": "100%",
                            }
                          }
                          tabIndex={0}
                          touchRippleColor="rgba(0, 0, 0, 0.87)"
                          touchRippleOpacity={0.1}
                          type="button"
                        >
                          <button
                            disabled={false}
                            onBlur={[Function]}
                            onClick={[Function]}
                            onFocus={[Function]}
                            onKeyDown={[Function]}
                            onKeyUp={[Function]}
                            onMouseDown={[Function]}
                            onMouseEnter={[Function]}
                            onMouseLeave={[Function]}
                            onMouseUp={[Function]}
                            onTouchEnd={[Function]}
                            onTouchStart={[Function]}
                            onTouchTap={[Function]}
                            style={
                              Object {
                                "WebkitTapHighlightColor": "rgba(0, 0, 0, 0)",
                                "backgroundColor": "#ffffff",
                                "border": 10,
                                "borderRadius": 2,
                                "boxSizing": "border-box",
                                "cursor": "pointer",
                                "display": "inline-block",
                                "fontFamily": "Roboto, sans-serif",
                                "fontSize": "inherit",
                                "fontWeight": "inherit",
                                "height": 36,
                                "lineHeight": "36px",
                                "margin": 0,
                                "muiPrepared": true,
                                "outline": "none",
                                "padding": 0,
                                "position": "relative",
                                "textAlign": "center",
                                "textDecoration": "none",
                                "transition": "all 450ms cubic-bezier(0.23, 1, 0.32, 1) 0ms",
                                "verticalAlign": null,
                                "width": "100%",
                                "zIndex": 1,
                              }
                            }
                            tabIndex={0}
                            type="button"
                          >
                            <TouchRipple
                              abortOnScroll={true}
                              color="rgba(0, 0, 0, 0.87)"
                              opacity={0.1}
                            >
                              <div
                                onMouseDown={[Function]}
                                onMouseLeave={[Function]}
                                onMouseUp={[Function]}
                                onTouchEnd={[Function]}
                                onTouchStart={[Function]}
                              >
                                <div
                                  style={
                                    Object {
                                      "backgroundColor": false,
                                      "borderRadius": 2,
                                      "height": 36,
                                      "muiPrepared": true,
                                      "top": 0,
                                      "transition": "all 450ms cubic-bezier(0.23, 1, 0.32, 1) 0ms",
                                    }
                                  }
                                >
                                  <span
                                    style={
                                      Object {
                                        "color": "rgba(0, 0, 0, 0.87)",
                                        "fontSize": 14,
                                        "fontWeight": 500,
                                        "letterSpacing": 0,
                                        "margin": 0,
                                        "muiPrepared": true,
                                        "opacity": 1,
                                        "paddingLeft": 16,
                                        "paddingRight": 16,
                                        "position": "relative",
                                        "textTransform": "uppercase",
                                        "userSelect": "none",
                                      }
                                    }
                                  >
                                    Log in
                                  </span>
                                </div>
                              </div>
                            </TouchRipple>
                          </button>
                        </EnhancedButton>
                      </div>
                    </Paper>
                  </RaisedButton>
                </a>
              </Link>
              <ToolbarSeparator
                style={
                  Object {
                    "color": "rgba(0, 0, 0, 0.4)",
                    "lineHeight": "56px",
                  }
                }
              >
                <span
                  style={
                    Object {
                      "backgroundColor": "rgba(0, 0, 0, 0.175)",
                      "color": "rgba(0, 0, 0, 0.4)",
                      "display": "block",
                      "height": 32,
                      "lineHeight": "56px",
                      "marginLeft": 24,
                      "muiPrepared": true,
                      "width": 1,
                    }
                  }
                />
              </ToolbarSeparator>
              <GoogleLoginButton>
                <RaisedButton
                  disabled={false}
                  fullWidth={false}
                  href="/api/auth/google"
                  icon={
                    <FontIcon
                      className="fa fa-google"
                      onMouseEnter={[Function]}
                      onMouseLeave={[Function]}
                    />
                  }
                  label="Log in with Google"
                  labelPosition="before"
                  primary={false}
                  secondary={false}
                >
                  <Paper
                    circle={false}
                    rounded={true}
                    style={
                      Object {
                        "display": "inline-block",
                        "minWidth": 88,
                        "transition": "all 450ms cubic-bezier(0.23, 1, 0.32, 1) 0ms",
                      }
                    }
                    transitionEnabled={true}
                    zDepth={1}
                  >
                    <div
                      style={
                        Object {
                          "WebkitTapHighlightColor": "rgba(0,0,0,0)",
                          "backgroundColor": "#ffffff",
                          "borderRadius": 2,
                          "boxShadow": "0 1px 6px rgba(0, 0, 0, 0.12),
                                 0 1px 4px rgba(0, 0, 0, 0.12)",
                          "boxSizing": "border-box",
                          "color": "rgba(0, 0, 0, 0.87)",
                          "display": "inline-block",
                          "fontFamily": "Roboto, sans-serif",
                          "minWidth": 88,
                          "muiPrepared": true,
                          "transition": "all 450ms cubic-bezier(0.23, 1, 0.32, 1) 0ms",
                        }
                      }
                    >
                      <EnhancedButton
                        containerElement="button"
                        disabled={false}
                        focusRippleColor="rgba(0, 0, 0, 0.87)"
                        focusRippleOpacity={0.1}
                        href="/api/auth/google"
                        onBlur={[Function]}
                        onClick={[Function]}
                        onFocus={[Function]}
                        onKeyDown={[Function]}
                        onKeyUp={[Function]}
                        onKeyboardFocus={[Function]}
                        onMouseDown={[Function]}
                        onMouseEnter={[Function]}
                        onMouseLeave={[Function]}
                        onMouseUp={[Function]}
                        onTouchEnd={[Function]}
                        onTouchStart={[Function]}
                        onTouchTap={[Function]}
                        style={
                          Object {
                            "backgroundColor": "#ffffff",
                            "borderRadius": 2,
                            "height": 36,
                            "lineHeight": "36px",
                            "padding": 0,
                            "textAlign": "center",
                            "transition": "all 450ms cubic-bezier(0.23, 1, 0.32, 1) 0ms",
                            "width": "100%",
                          }
                        }
                        tabIndex={0}
                        touchRippleColor="rgba(0, 0, 0, 0.87)"
                        touchRippleOpacity={0.1}
                        type="button"
                      >
                        <a
                          disabled={false}
                          href="/api/auth/google"
                          onBlur={[Function]}
                          onClick={[Function]}
                          onFocus={[Function]}
                          onKeyDown={[Function]}
                          onKeyUp={[Function]}
                          onMouseDown={[Function]}
                          onMouseEnter={[Function]}
                          onMouseLeave={[Function]}
                          onMouseUp={[Function]}
                          onTouchEnd={[Function]}
                          onTouchStart={[Function]}
                          onTouchTap={[Function]}
                          style={
                            Object {
                              "WebkitTapHighlightColor": "rgba(0, 0, 0, 0)",
                              "backgroundColor": "#ffffff",
                              "border": 10,
                              "borderRadius": 2,
                              "boxSizing": "border-box",
                              "cursor": "pointer",
                              "display": "inline-block",
                              "fontFamily": "Roboto, sans-serif",
                              "fontSize": "inherit",
                              "fontWeight": "inherit",
                              "height": 36,
                              "lineHeight": "36px",
                              "margin": 0,
                              "muiPrepared": true,
                              "outline": "none",
                              "padding": 0,
                              "position": "relative",
                              "textAlign": "center",
                              "textDecoration": "none",
                              "transition": "all 450ms cubic-bezier(0.23, 1, 0.32, 1) 0ms",
                              "verticalAlign": "middle",
                              "width": "100%",
                              "zIndex": 1,
                            }
                          }
                          tabIndex={0}
                        >
                          <TouchRipple
                            abortOnScroll={true}
                            color="rgba(0, 0, 0, 0.87)"
                            opacity={0.1}
                          >
                            <div
                              onMouseDown={[Function]}
                              onMouseLeave={[Function]}
                              onMouseUp={[Function]}
                              onTouchEnd={[Function]}
                              onTouchStart={[Function]}
                            >
                              <div
                                style={
                                  Object {
                                    "backgroundColor": false,
                                    "borderRadius": 2,
                                    "height": 36,
                                    "muiPrepared": true,
                                    "top": 0,
                                    "transition": "all 450ms cubic-bezier(0.23, 1, 0.32, 1) 0ms",
                                  }
                                }
                              >
                                <span
                                  style={
                                    Object {
                                      "color": "rgba(0, 0, 0, 0.87)",
                                      "fontSize": 14,
                                      "fontWeight": 500,
                                      "letterSpacing": 0,
                                      "margin": 0,
                                      "muiPrepared": true,
                                      "opacity": 1,
                                      "paddingLeft": 16,
                                      "paddingRight": 8,
                                      "position": "relative",
                                      "textTransform": "uppercase",
                                      "userSelect": "none",
                                    }
                                  }
                                >
                                  Log in with Google
                                </span>
                                <FontIcon
                                  className="fa fa-google"
                                  color="rgba(0, 0, 0, 0.87)"
                                  onMouseEnter={[Function]}
                                  onMouseLeave={[Function]}
                                  style={
                                    Object {
                                      "marginLeft": 0,
                                      "marginRight": 12,
                                      "verticalAlign": "middle",
                                    }
                                  }
                                >
                                  <span
                                    className="fa fa-google"
                                    color="rgba(0, 0, 0, 0.87)"
                                    onMouseEnter={[Function]}
                                    onMouseLeave={[Function]}
                                    style={
                                      Object {
                                        "color": "rgba(0, 0, 0, 0.87)",
                                        "display": "inline-block",
                                        "fontSize": 24,
                                        "marginLeft": 0,
                                        "marginRight": 12,
                                        "muiPrepared": true,
                                        "position": "relative",
                                        "transition": "all 450ms cubic-bezier(0.23, 1, 0.32, 1) 0ms",
                                        "userSelect": "none",
                                        "verticalAlign": "middle",
                                      }
                                    }
                                  />
                                </FontIcon>
                              </div>
                            </div>
                          </TouchRipple>
                        </a>
                      </EnhancedButton>
                    </div>
                  </Paper>
                </RaisedButton>
              </GoogleLoginButton>
            </div>
          </ToolbarGroup>
        </div>
      </Toolbar>
    </UnauthanticatedHeader>
  </div>
</HeaderContainer>
`;
